make -f /home/andrew/repo/ece410-hw4ai-sp26/project/.venv/lib/python3.13/site-packages/cocotb_tools/makefiles/Makefile.sim \
	TOPLEVEL=tb_top \
	VERILOG_SOURCES="/home/andrew/repo/ece410-hw4ai-sp26/project/m3/tb/../../m2/rtl/snn_mac.sv /home/andrew/repo/ece410-hw4ai-sp26/project/m3/tb/../../m2/rtl/snn_mac_array.sv /home/andrew/repo/ece410-hw4ai-sp26/project/m3/tb/../../m2/rtl/snn_lif_cell.sv /home/andrew/repo/ece410-hw4ai-sp26/project/m3/tb/../../m2/rtl/snn_lif_bank.sv /home/andrew/repo/ece410-hw4ai-sp26/project/m3/tb/../../m2/rtl/compute_core.sv /home/andrew/repo/ece410-hw4ai-sp26/project/m3/tb/../../m2/rtl/interface.sv /home/andrew/repo/ece410-hw4ai-sp26/project/m3/tb/../rtl/top.sv /home/andrew/repo/ece410-hw4ai-sp26/project/m3/tb/tb_top.sv" \
	COCOTB_TEST_MODULES=test_top \
	SIM_BUILD=sim_build_top
make[1]: Entering directory '/home/andrew/repo/ece410-hw4ai-sp26/project/m3/tb'
rm -f results.xml
"make" -f /home/andrew/repo/ece410-hw4ai-sp26/project/.venv/lib/python3.13/site-packages/cocotb_tools/makefiles/Makefile.sim results.xml
make[2]: Entering directory '/home/andrew/repo/ece410-hw4ai-sp26/project/m3/tb'
/usr/bin/iverilog -o sim_build_top/sim.vvp -s tb_top -g2012 -f sim_build_top/cmds.f  /home/andrew/repo/ece410-hw4ai-sp26/project/m3/tb/../../m2/rtl/snn_mac.sv /home/andrew/repo/ece410-hw4ai-sp26/project/m3/tb/../../m2/rtl/snn_mac_array.sv /home/andrew/repo/ece410-hw4ai-sp26/project/m3/tb/../../m2/rtl/snn_lif_cell.sv /home/andrew/repo/ece410-hw4ai-sp26/project/m3/tb/../../m2/rtl/snn_lif_bank.sv /home/andrew/repo/ece410-hw4ai-sp26/project/m3/tb/../../m2/rtl/compute_core.sv /home/andrew/repo/ece410-hw4ai-sp26/project/m3/tb/../../m2/rtl/interface.sv /home/andrew/repo/ece410-hw4ai-sp26/project/m3/tb/../rtl/top.sv /home/andrew/repo/ece410-hw4ai-sp26/project/m3/tb/tb_top.sv
rm -f results.xml
COCOTB_TEST_MODULES=test_top COCOTB_TESTCASE= COCOTB_TEST_FILTER= COCOTB_TOPLEVEL=tb_top TOPLEVEL_LANG=verilog \
         /usr/bin/vvp -M /home/andrew/repo/ece410-hw4ai-sp26/project/.venv/lib/python3.13/site-packages/cocotb/libs -m libcocotbvpi_icarus   sim_build_top/sim.vvp   
     -.--ns INFO     gpi                                ..mbed/gpi_embed.cpp:93   in _embed_init_python              Using Python 3.13.0rc1 interpreter at /home/andrew/repo/ece410-hw4ai-sp26/project/.venv/bin/python3
     -.--ns INFO     gpi                                ../gpi/GpiCommon.cpp:79   in gpi_print_registered_impl       VPI registered
     0.00ns INFO     cocotb                             Running on Icarus Verilog version 12.0 (stable)
     0.00ns INFO     cocotb                             Seeding Python random module with 1779555807
     0.00ns INFO     cocotb                             Initialized cocotb v2.0.1 from /home/andrew/repo/ece410-hw4ai-sp26/project/.venv/lib/python3.13/site-packages/cocotb
     0.00ns INFO     cocotb                             Running tests
     0.00ns INFO     cocotb.regression                  running test_top.test_reset (1/3)
                                                            After reset busy=0, done=0 on the top-level ports.
    50.00ns INFO     cocotb.regression                  test_top.test_reset passed
    50.00ns INFO     cocotb.regression                  running test_top.test_spi_write_read (2/3)
                                                            Write one spike_in byte via SPI, read STATUS; verifies SPI path end-to-end.
 11960.00ns INFO     cocotb.regression                  test_top.test_spi_write_read passed
 11960.00ns INFO     cocotb.regression                  running test_top.test_full_spi_inference (3/3)
                                                            End-to-end: load 200×200 weights + spike_in via SPI, start inference,
238087190.00ns INFO     cocotb.regression                  test_top.test_full_spi_inference passed
238087190.00ns INFO     cocotb.regression                  ******************************************************************************************
                                                           ** TEST                              STATUS  SIM TIME (ns)  REAL TIME (s)  RATIO (ns/s) **
                                                           ******************************************************************************************
                                                           ** test_top.test_reset                PASS          50.00           0.00      27130.04  **
                                                           ** test_top.test_spi_write_read       PASS       11910.00           0.05     243594.47  **
                                                           ** test_top.test_full_spi_inference   PASS   238075230.00         901.67     264037.64  **
                                                           ******************************************************************************************
                                                           ** TESTS=3 PASS=3 FAIL=0 SKIP=0              238087190.00         901.72     264035.72  **
                                                           ******************************************************************************************
make[2]: Leaving directory '/home/andrew/repo/ece410-hw4ai-sp26/project/m3/tb'
make[1]: Leaving directory '/home/andrew/repo/ece410-hw4ai-sp26/project/m3/tb'
